
> veloraa@0.1.0 build
> next build

Γû▓ Next.js 16.1.6 (Turbopack)

  Creating an optimized production build ...
node.exe : 
At line:1 char:1
+ & "C:\Program Files\nodejs/node.exe" 
"C:\Program Files\nodejs/node_mo ...
+ ~~~~~~~~~~~~~~~~~~~~~~~~~~~~~~~~~~~~~~~~
~~~~~~~~~~~~~~~~~~~~~~~~~~~~~
    + CategoryInfo          : NotSpecifie 
   d: (:String) [], RemoteException
    + FullyQualifiedErrorId : NativeComma 
   ndError
 
> Build error occurred
Error: Turbopack build failed with 1 
errors:
./src/app/globals.css
Error evaluating Node.js code
CssSyntaxError: C:\Users\Dhanush Gangadhar
\Desktop\veloraa\src\app\globals.css:18:1:
 Unexpected }
    at Input.error (node_modules/postcss/l
ib/input.js:135:16) [C:\Users\Dhanush Gang
adhar\Desktop\veloraa\.next\build\chunks\n
ode_modules_fe693df6._.js:4651:22]
    at Parser.unexpectedClose (node_module
s/postcss/lib/parser.js:587:22) 
[C:\Users\Dhanush Gangadhar\Desktop\velora
a\.next\build\chunks\node_modules_fe693df6
._.js:5820:26]
    at Parser.end (node_modules/postcss/li
b/parser.js:330:12) [C:\Users\Dhanush Gang
adhar\Desktop\veloraa\.next\build\chunks\n
ode_modules_fe693df6._.js:5593:18]
    at Parser.parse (node_modules/postcss/
lib/parser.js:456:16) [C:\Users\Dhanush Ga
ngadhar\Desktop\veloraa\.next\build\chunks
\node_modules_fe693df6._.js:5704:26]
    at parse 
(node_modules/postcss/lib/parse.js:11:12) 
[C:\Users\Dhanush Gangadhar\Desktop\velora
a\.next\build\chunks\node_modules_fe693df6
._.js:5853:16]
    at new LazyResult (node_modules/postcs
s/lib/lazy-result.js:165:16) 
[C:\Users\Dhanush Gangadhar\Desktop\velora
a\.next\build\chunks\node_modules_fe693df6
._.js:6105:24]
    at Processor.process (node_modules/pos
tcss/lib/processor.js:53:14) 
[C:\Users\Dhanush Gangadhar\Desktop\velora
a\.next\build\chunks\node_modules_fe693df6
._.js:6572:20]
    at transform (turbopack:///[turbopack-
node]/transforms/postcss.ts:70:51) 
[C:\Users\Dhanush Gangadhar\Desktop\velora
a\.next\build\chunks\[root-of-the-server]_
_51225daf._.js:146:52]
    at run (turbopack:///[turbopack-node]/
ipc/evaluate.ts:92:29) [C:\Users\Dhanush G
angadhar\Desktop\veloraa\.next\build\chunk
s\[root-of-the-server]__974941ed._.js:443:
37]
    at run (turbopack:///[turbopack-node]/
ipc/evaluate.ts:115:11) [C:\Users\Dhanush 
Gangadhar\Desktop\veloraa\.next\build\chun
ks\[root-of-the-server]__974941ed._.js:464
:25]

Import trace:
  Client Component Browser:
    ./src/app/globals.css [Client 
Component Browser]
    ./src/app/layout.tsx [Server 
Component]


    at transform (turbopack:///[turbopack-
node]/transforms/postcss.ts:70:51) 
[C:\Users\Dhanush Gangadhar\Desktop\velora
a\.next\build\chunks\[root-of-the-server]_
_51225daf._.js:146:52])
    at run (turbopack:///[turbopack-node]/
ipc/evaluate.ts:92:29) [C:\Users\Dhanush G
angadhar\Desktop\veloraa\.next\build\chunk
s\[root-of-the-server]__974941ed._.js:443:
37])
    at run (turbopack:///[turbopack-node]/
ipc/evaluate.ts:115:11) [C:\Users\Dhanush 
Gangadhar\Desktop\veloraa\.next\build\chun
ks\[root-of-the-server]__974941ed._.js:464
:25])
